00:00 +0: loading C:/Users/Administrator/Music/appforgestudio/frontend/test/models_test.dart
00:00 +0: Component Models ContainerComponent serialization round-trip
00:00 +1: Component Models TextComponent serialization round-trip
00:00 +2: Component Models ImageComponent serialization round-trip
00:00 +3: Component Models JSON schema generation
00:00 +4: Component Repositioning updateComponentPosition constrains within canvas boundaries
00:00 +5: Component Repositioning updateComponentPosition updates component coordinates
00:00 +6: Component Repositioning setDragState sets dragging state
00:00 +7: Component Repositioning setDragState resets dragging state
00:00 +8: Component Repositioning updateComponentPosition works during drag
00:00 +9: All tests passed!
